05/07/2025 22:18:17 - admin - Create user: 16, samir, samir@gmail.com, enabled
05/07/2025 22:18:41 - admin - Update user: 16, samir, samir@gmail.com, enabled
05/07/2025 22:19:59 - admin - Create company: 5, sonede
05/07/2025 22:26:57 - admin - Update user: 14, ali, ali@gmail.com, enabled
05/07/2025 22:27:17 - admin - Delete user: 14, ali, ali@gmail.com, disabled
05/07/2025 22:38:34 - admin - Create company: 6, test
05/07/2025 23:44:56 - admin - Delete user: 5, salem, salem@gmail.com, disabled
06/07/2025 00:20:25 - admin - Create company: 8, facebook
06/07/2025 00:25:01 - admin - Update company: 4, azizaaa
06/07/2025 00:38:09 - admin - Update company: 4, azizaaa
06/07/2025 00:38:29 - admin - Update company: 4, aziza
06/07/2025 00:56:40 - admin - Delete company: 3, yout
06/07/2025 12:49:42 - admin - Update company: 10, geant
06/07/2025 12:57:32 - admin - Update company: 11, facebook
06/07/2025 12:59:00 - admin - Update company: 12, youtube
06/07/2025 13:11:39 - admin - Update company: 14, azizaaa
06/07/2025 15:52:05 - admin - Update company: 15, amazon
06/07/2025 15:54:13 - admin - Create document type: 2, comercial
06/07/2025 15:54:36 - admin - Update document type: 2, com
06/07/2025 15:54:54 - admin - Delete document type: 2, com
06/07/2025 17:34:10 - admin - Update user: 16, aymen, aymen@gmail.com, enabled
06/07/2025 17:45:14 - admin - Update user: 16, aymen, aymen@gmail.com, enabled
06/07/2025 17:47:07 - admin - Update user: 16, aymen, aymen@gmail.com, enabled
06/07/2025 17:47:58 - admin - Update user: 16, aymen, aymen@gmail.com, enabled
06/07/2025 17:53:39 - admin - Update user: 16, aymen, aymen12@gmail.com, enabled
06/07/2025 18:11:06 - admin - Update user: 14, ala, aymen@gmail.com, enabled
06/07/2025 18:33:27 - admin - Update user: 16, aymen, aymen1@gmail.com, enabled
06/07/2025 18:37:24 - admin - Update user: 16, aymen, aymen1@gmail.com, enabled
06/07/2025 18:37:28 - admin - Update user: 16, [unchanged], [unchanged], disabled
06/07/2025 18:37:30 - admin - Update user: 16, [unchanged], [unchanged], enabled
06/07/2025 18:56:05 - admin - Delete user: 7, hamadi, hamadi@gmail.com, disabled
06/07/2025 19:22:33 - admin - Update user: 16, aymen, aymen3@gmail.com, enabled
06/07/2025 19:48:34 - admin - Create document type: 4, not invoice
06/07/2025 19:48:47 - admin - Delete document type: 4, not invoice
