08/07/2025 21:19:34 - admin - Create company: 6, aziza
08/07/2025 21:20:58 - admin - Create document type: 3, commercial
08/07/2025 22:00:37 - admin - Create company: 7, facebook
08/07/2025 22:02:00 - admin - Create document type: 4, contrat
08/07/2025 23:23:07 - admin - Update company: 3, facebook
08/07/2025 23:25:02 - admin - Create company: 38, hyundai
08/07/2025 23:25:38 - admin - Delete company: 3, facebook
08/07/2025 23:33:28 - admin - Update user: 6, ali, ali3@gmail.com, enabled
09/07/2025 15:55:35 - admin - Update document type: 2, fiche de paie
09/07/2025 17:51:29 - admin - Create user: 2, user, user@gmail.com, enabled
<<<<<<< HEAD
09/07/2025 20:02:57 - admin - Create document type: 5, demande de stage
=======
09/07/2025 22:05:03 - admin - Update document type: 2, fiche de paie
09/07/2025 22:16:07 - admin - Create DocType: 5, emploi
>>>>>>> c9afb7e80fc237e642d8317ca500b438c4f0ede7
10/07/2025 13:28:19 - admin - Create Entity: 39, emirates
10/07/2025 13:28:38 - admin - Update DocType: 1, contrat
10/07/2025 14:00:13 - admin - Create DocType: 6, demande d'information
10/07/2025 14:13:01 - admin - Create DocType: 7, contrats
10/07/2025 14:24:52 - admin - Create Entity: 40, toyota
10/07/2025 16:01:56 - admin - Create Entity: 1, ranesmerald
10/07/2025 16:02:06 - admin - Create DocType: 1, contrat
